02e5d1fe-db84-450d-b58f-b4f5a34a7a35 200
09292e4d-b7ad-476b-86d9-7806303ef8c3 200
09f221eb-c97e-4da5-ac22-d7ab7c555bbb 200
1245270b-3c9c-4c60-ae90-954a771c6bd4 200
1c5ef00c-c30f-4ca4-9ba5-d3b89ea1f6f9 200
1e4e9db7-5068-4a9c-bdd0-5777e47172c8 200
21006fdb-2e22-4950-91ed-8575a1a96b58 200
21551f7d-93f2-4cb7-ba71-7f260058e923 200
21a6751e-887e-4eae-9989-de45d452feb6 200
25b7b584-d952-4662-a8b9-dd8cdfbfeb64 200
26bae791-d49c-4928-bd94-cbe7615908ac 200
2a29ec30-762c-4517-b739-d77df0fefb6c 200
30331c85-26d4-4daa-9f66-3075cac4c20b 200
309c62ba-7a22-4277-9f67-4a162526d18a 200
328d146c-79f1-4eb6-9e40-8ee5710c14e5 200
34cf95c7-4be9-4efd-a48a-c2ea4a0bb114 200
368f19e5-51c0-45d7-80c5-963be6971ac7 200
382d25c8-38ff-4ba0-8165-3dc0c0a9f371 200
3bcff06f-675a-451f-9075-99e8657047e8 200
3c67df88-0965-4a89-863a-73597d4a04bd 200
3d3f144f-62fa-4be1-a4d1-4fba3a5c61c7 200
40f5d9e4-2de7-4f2d-ad41-e31a9a9fea27 200
410c9baf-5469-44f6-9852-826524b80c61 200
42a8f507-8412-4611-854f-926571049fa0 200
43fe275d-f90a-4dca-9b42-260f289c256d 200
4a3a5fc0-af4b-4990-957b-8d94f7bfe706 200
4ab74d13-d1eb-4895-b874-6da5d8b1aac3 200
4b1bf05d-0e3c-44a3-9fc8-ad088fc25797 200
4b585938-f271-45e2-b19a-91c634b5e396 200
4bcafe79-c42d-46ee-b398-3304a5d7b663 200
4d86ad4e-28d8-4e9f-8cf4-735c57060fdc 200
4dd62d49-9868-465b-882f-733afb40eb0d 200
4f433452-ad1e-4714-afb9-2ff3f014fd7c 200
51466cc5-83e1-4ce3-857a-84c3bc109d65 200
51ace54d-6a30-4726-9af1-e6a16539d231 200
53dd0229-8a42-4bd7-8ffb-29bdec25e9c6 200
543d59d7-25df-40a3-b6a9-0c804e1cc8a8 200
56abaa47-0101-463b-b37e-e961136fec39 200
5a8e07d5-d932-4484-a7f7-e700793a9c94 200
5b11f4ce-a62d-471e-81fc-a69a8278c7da 200
5b4978bf-f8e0-4f55-90af-74173d9b1e38 200
5bdc8759-a592-4202-a48c-691d4bec5c6d 200
5d12875c-a197-43b2-8f29-41dc0ad895c3 200
5f95440d-7737-4a36-9bcf-c05337f7129b 200
5fd9d175-1fed-45e5-a2b4-e4e727f34d8b 200
61112049-cba4-409b-a4dc-a5f5a4d7c62e 200
614e3804-7d34-41ba-857f-811bad7c2b7a 200
618b6900-0618-4f1e-b835-bccb17f84294 200
678d88b2-87b0-403b-b63d-5da7465aecc3 200
69158f97-4c07-4c4e-baf8-4e4ab1ed666e 200
6d09039b-3e1f-49ef-b8e3-b8b7267a8578 200
6def3fa9-836f-4b50-8815-b96cc92e63b8 200
6e8f82ea-9e6d-4fdd-9b32-32feef13186b 200
6fc5c0c6-bf05-4b29-bda0-5fa6cc863785 200
6fe07aa5-fec0-4eca-a456-f29bff451b04 200
702d2b90-eef0-4354-b2c4-6366eba92b7f 200
7527f6c2-d762-4b88-b5e2-9244f1e34c46 200
779dc1ed-030b-4c29-8335-80b2e56664d5 200
78e854b8-9713-4ff2-9218-6b3784893bff 200
793e220b-64f8-46d9-954d-e033dbcfeef4 200
7b05d6fe-91e8-4cb9-a401-2a13b1578716 200
7cf0ea9d-86b9-4dad-ba9e-2355a64899ea 200
7e54d133-2525-4bc0-ae94-65584145a386 200
7e5a2a59-6d9f-4a17-b7c2-e1eedb7bd222 200
7fb57fba-a6ef-44c2-abab-2fa3bdee607e 200
8179e236-86df-459f-bd51-0107138d0a6a 200
81d12ca7-5b89-4d21-8736-860b7400b4eb 200
826b488f-5164-45ca-abc4-ab11b3c321eb 200
83a2e0fb-3d9b-46ff-b383-3dde54c15297 200
847e8284-8582-4b0e-9c26-b042a4f49e57 200
8542f9a4-bd91-4066-91cf-359d2d9950db 200
87225a21-c925-41cd-852f-be4b052d0824 200
875203e1-8e58-4b86-8dcb-7190faf411c5 200
8834d8b5-72a4-4a6e-9d35-3a041b8579fa 200
8b034085-b06d-4c42-9be3-d709be169d79 200
8d31685b-a62f-4e9a-abb2-48239582ad53 200
8ed2e0b3-aa4c-4e13-bec3-dc7393ed4d6b 200
8ffcd7d7-6293-4fbf-b0f6-46aef9ce9f69 200
91b67275-db2c-4fc2-b51f-82978aeb5c41 200
91df368e-a22a-429e-853a-ce78bbc42e43 200
95303251-46d5-4239-89c8-eaf0b0947a11 200
973321d1-9565-4214-a6ef-a77f1890c294 200
9757ae7d-44b1-4d63-81ce-b463fe27b9ae 200
9880800a-f6f8-4f8f-a00e-b4b664776c0c 200
9bc2888c-f4c8-4cfa-a2c6-7384f331fa01 200
9c9f1380-2516-4fc9-a3e6-f9f61941d090 200
9cea062d-d476-447f-98b4-e67e14bfd1e4 200
9ddce51c-2b75-4b3e-ac8c-1db09e7c89c6 200
9e299bee-d7e2-49f3-8cd7-d6b28ab204d1 200
9fbafa3a-8096-47e0-96e5-71d3d92c4363 200
a1d77dd4-8728-4a47-bdfa-9663d791139c 200
a32d76a0-a8d4-48fc-9525-b5b4e45036ac 200
a35237a0-4f47-40a6-b6f3-1e786db23402 200
a39ad456-a697-4f32-aa36-c107f654d318 200
a483b1f0-d712-4a6b-ae1d-8359c22c4f3d 200
a53b5288-cced-4319-941c-cfcfefaf2ab1 200
a5ee1ebe-a645-45d2-8319-d101fe62e581 200
a6faa805-989d-4529-9cf6-342a8e883423 200
a8ffb5eb-de2e-4999-8b1d-011d3de7555b 200
a9ee533f-8871-4f62-a6bb-91eb264abc90 200
aaa78ce4-e4fe-43b6-abe1-733dc83f8eb1 200
aaad94f7-eeaa-4965-afa1-762c87ae1340 200
ada7a83c-e3e1-40f1-93f9-3e73dbc9298a 200
b071f9fa-14b0-4217-8e97-eb41da73f598 200
b1355867-16a1-4863-ae3b-6a8be122eaaa 200
b328de0e-ee48-4d74-9d36-7c7ee16ffc69 200
b58cb2b2-f266-4391-9549-c614db62749b 200
b6630123-3b93-4740-8923-5379fc8e8971 200
b6826d4e-a271-4f4e-8c57-e3ca4c08e6a0 200
b6b2bb8d-54a9-491f-9607-7b546023b433 200
b6fa9b9b-41cf-45a6-adc0-0a4c9a8c0d3c 200
b7723b3f-9a35-438d-bc42-8ad8b5e027ae 200
b77ea5c6-454e-4e3e-bf51-7728fe899166 200
b7f2cca2-72c6-41fb-ae33-53370fc62fe7 200
b83bc61f-8451-4a5d-8b8e-7e9ed295e822 200
b9bede5d-89b6-4c43-9c45-ca3930cf4db8 200
ba0d6274-db14-4ef5-b28d-657ebde1a396 200
ba2ff5ad-b5a4-499b-aac1-b31fd093112b 200
ba853904-ae25-4ebb-89d6-c44cfbd71bd2 200
bc1fd2f7-1ecf-46d1-9ca6-47b7d7880c4d 200
bce6d667-cde8-485e-b078-c0a05adea36d 200
bdbd48f5-abf3-4a4f-9a21-4551dbc3fde9 200
bde8e7a4-9c31-4af6-92c9-210f1f170878 200
c0b2500e-0cef-4130-869d-732b23ed9df5 200
c2714a84-4040-4e4c-b13a-b113be84aa93 200
c583b756-a74d-4010-af7e-61482ab8aeaa 200
c58ea103-44c2-4ff3-a6a5-233b96081063 200
c62afc98-8596-4532-a1dd-bc1a595c927e 200
c7ee3bc9-780c-42c0-91e9-4cd70ad692d3 200
ca1dcba2-792c-4550-abf2-7b45396e81ca 200
cb8fc40c-bde5-4a84-94e4-ee1d4de385be 200
cc197bad-dc9c-440d-a5b5-d52ba2e14234 200
cf175606-b584-48f3-a2a7-331c0d3266b1 200
cf5fc4c6-f5a2-4e5c-9937-9b72eb255451 200
cfa7c6b1-bbb3-4f9a-a636-cbfafb9b4bcf 200
cfbc0924-0035-4d6c-8197-f024653af823 200
d03b178f-d46b-43a0-b683-f24a32440b00 200
d1515727-4a93-4c0d-88cb-d7a9fce01879 200
d3764fae-04a9-4d41-9105-3dbcc538f4b9 200
d614b0ad-fe3a-4927-b413-48cb831a814b 200
d616b606-cf6a-4b6e-ab0f-e253b8db6610 200
d922d727-240a-4432-9a88-05a7cf9bc403 200
dd000921-fed7-45de-8372-23f15557dd7e 200
e075b9f8-7917-4fa6-9d98-f66bb8c157d1 200
e0d839ad-3880-4530-ac32-6d373006678f 200
e193397d-a888-4b4d-b11d-2a602c24b023 200
e21857d5-3256-4547-afb3-4b6ded592596 200
e2f82804-26c7-4269-95e0-1ed7a4dda6f5 200
e595ed1c-9251-4362-a816-534f141d16ce 200
e6424fa5-08d3-41c6-96f3-8549f733708c 200
e6d0179f-b899-4563-b6c6-88715aaae0b8 200
e6e879c0-3d56-4f12-b3c5-3ce459661a8e 200
e795e03d-b5d5-4a5f-834d-162cfb308a2c 200
e95a9d7f-fc26-4e56-8032-90cd954deea0 200
e97e9533-a69b-431d-a88f-e9a519be6c0d 200
e9ea0fbc-ccc7-4e98-9290-0a41aa848fa2 200
ea4dfa26-f633-4da6-a52a-f49ea4897b58 200
ea524cc6-191a-4c05-ab88-3bb5c0880ca5 200
edc88ebf-4790-4cb8-8a40-13efda4a00fa 200
ef3eb759-49b3-4f20-ac12-a92b87a3cb4c 200
f181961b-20f7-459e-89de-920ef03c7ed0 200
f22942a1-6f70-4f48-866e-238cb2308fbd 200
f30eb720-5cb6-4b44-a289-07ced7971041 200
f4627d50-de0c-4d37-bf43-14d51dc6794f 200
f46bd570-5768-462e-b84c-c7c993bbf47e 200
f6beac20-5dfe-4d1f-ae02-0b0a740aafd6 200
f7a94446-aa3f-41e6-b3d0-46dd695d7d6e 200
f7bd3302-886f-4bb9-a3f5-b472fb36209c 200
fb5ee67e-e31a-40cf-8b06-5f1a0f53529a 200
fe85367e-4036-43c1-874b-b91af81cb4f3 200
captured on 2026-09-06
